(bottleneck 0.1 1.0 2.0)
illegal-epoch
illegal-epoch
