(trait 0.1 0.18 0.22)
(snp-marker 0.2 0.1 0.9)
(ms-marker 0.3 0.4 4)
0.1
0.2
0.3
#t#f#f
#f#t#f
#f#f#t
