((0 0 0 0 0) (0 1 0 0 1) (1 0 1 0 1) (0 0 0 18 0) (0 0 1 0 1) (0 0 0 0 0) (0 1 0 0 1) (0 1 0 0 0) (1 0 0 19 0) (0 1 0 0 1))

(5.583428305245 4.8452098356339 3.91443772072925 6.00830299067368 6.20330826447776)

66
44
0

5.583428305245 4.8452098356339 3.91443772072925 6.00830299067368 6.20330826447776 
5.583428305245 4.8452098356339 3.91443772072925 6.00830299067368 6.20330826447776 

((0 0 0 0 0) (0 1 0 0 1) (1 0 1 0 1) (0 0 0 18 0) (0 0 1 0 1) (0 0 0 0 0) (0 1 0 0 1) (0 1 0 0 0) (1 0 0 19 0) (0 1 0 0 1))
((0 0 0 0 0) (0 1 0 0 1) (1 0 1 0 1) (0 0 0 18 0) (0 0 1 0 1) (0 0 0 0 0) (0 1 0 0 1) (0 1 0 0 0) (1 0 0 19 0) (0 1 0 0 1))
((0 0 0 0 0) (0 1 0 0 1) (1 0 1 0 1) (0 0 0 18 0) (0 0 1 0 1) (0 0 0 0 0) (0 1 0 0 1) (0 1 0 0 0) (1 0 0 19 0) (0 1 0 0 1))
((0 0 0 0 0) (0 1 0 0 1) (1 0 1 0 1) (0 0 0 18 0) (0 0 1 0 1) (0 0 0 0 0) (0 1 0 0 1) (0 1 0 0 0) (1 0 0 19 0) (0 1 0 0 1))
((0 0 0 0 0) (0 1 0 0 1) (1 0 1 0 1) (0 0 0 18 0) (0 0 1 0 1) (0 0 0 0 0) (0 1 0 0 1) (0 1 0 0 0) (1 0 0 19 0) (0 1 0 0 1))
((0 0 0 0 0) (0 1 0 0 1) (1 0 1 0 1) (0 0 0 18 0) (0 0 1 0 1) (0 0 0 0 0) (0 1 0 0 1) (0 1 0 0 0) (1 0 0 19 0) (0 1 0 0 1))

((0 0 0 0 1) (0 0 0 0 0) (0 0 0 0 0) (0 0 0 0 0) (0 0 0 0 0) (0 0 0 0 1) (0 0 0 0 0) (0 0 0 0 0) (0 0 0 0 0) (0 0 0 0 0) (1 0 1 0 0) (1 0 1 0 0) (0 1 0 5 0) (0 0 0 0 1) (0 1 0 0 0) (0 1 0 0 0) (1 0 1 0 0) (0 1 0 0 0) (0 1 0 0 0) (1 0 1 0 0))


((0 0 0 0 1) (0 0 0 0 0) (0 0 0 0 0) (0 0 0 0 0) (0 0 0 0 0) (0 0 0 0 1) (0 0 0 0 0) (0 0 0 0 0) (0 0 0 0 0) (0 0 0 0 0) (1 0 1 0 0) (1 0 1 0 0) (0 1 0 5 0) (0 0 0 0 1) (0 1 0 0 0) (0 1 0 0 0) (1 0 1 0 0) (0 1 0 0 0) (0 1 0 0 0) (1 0 1 0 0))

((1 1 0 13 1) (0 0 1 0 0) (0 0 1 0 0) (1 1 0 13 1) (1 1 0 13 1) (1 1 0 13 1) (0 0 1 0 0) (1 1 0 13 1) (0 0 1 0 0) (1 1 0 13 1) (0 1 0 13 0) (0 1 0 3 0) (0 1 0 3 0) (0 1 0 3 0) (0 1 0 3 0) (0 1 0 3 0) (0 1 0 13 0) (0 1 0 3 0) (0 1 0 3 0) (0 1 0 13 0))

now testing validation of incorrect input
this will print some error messages

wrong-number-of-args
wrong-number-of-args
wrong-type-arg
out-of-sequence ((snp-marker 0.0 0.1 0.9) (snp-marker 0.0 0.1 0.9))
out-of-sequence ((snp-marker 0.1 0.1 0.9) (snp-marker 0.0 0.1 0.9))
non-positive-population-size (-10)
